Classic Timing Analyzer report for drinks
Tue Mar 23 13:37:21 2021
Quartus II Version 9.0 Build 235 06/17/2009 Service Pack 2 SJ Web Edition


---------------------
; Table of Contents ;
---------------------
  1. Legal Notice
  2. Timing Analyzer Summary
  3. Timing Analyzer Settings
  4. Clock Settings Summary
  5. Parallel Compilation
  6. Clock Setup: 'CLK'
  7. tsu
  8. tco
  9. th
 10. Timing Analyzer Messages



----------------
; Legal Notice ;
----------------
Copyright (C) 1991-2009 Altera Corporation
Your use of Altera Corporation's design tools, logic functions 
and other software and tools, and its AMPP partner logic 
functions, and any output files from any of the foregoing 
(including device programming or simulation files), and any 
associated documentation or information are expressly subject 
to the terms and conditions of the Altera Program License 
Subscription Agreement, Altera MegaCore Function License 
Agreement, or other applicable license agreement, including, 
without limitation, that your use is for the sole purpose of 
programming logic devices manufactured by Altera and sold by 
Altera or its authorized distributors.  Please refer to the 
applicable agreement for further details.



+--------------------------------------------------------------------------------------------------------------------------------------------------------------------+
; Timing Analyzer Summary                                                                                                                                            ;
+------------------------------+-------+---------------+----------------------------------+--------------+--------------------+------------+----------+--------------+
; Type                         ; Slack ; Required Time ; Actual Time                      ; From         ; To                 ; From Clock ; To Clock ; Failed Paths ;
+------------------------------+-------+---------------+----------------------------------+--------------+--------------------+------------+----------+--------------+
; Worst-case tsu               ; N/A   ; None          ; 7.000 ns                         ; value[2]     ; state.S3           ; --         ; CLK      ; 0            ;
; Worst-case tco               ; N/A   ; None          ; 15.100 ns                        ; summ[3]~reg0 ; give_4_rubles_back ; CLK        ; --       ; 0            ;
; Worst-case th                ; N/A   ; None          ; -3.600 ns                        ; value[2]     ; state.S3           ; --         ; CLK      ; 0            ;
; Clock Setup: 'CLK'           ; N/A   ; None          ; 107.53 MHz ( period = 9.300 ns ) ; summ[1]~reg0 ; state.S3           ; CLK        ; CLK      ; 0            ;
; Total number of failed paths ;       ;               ;                                  ;              ;                    ;            ;          ; 0            ;
+------------------------------+-------+---------------+----------------------------------+--------------+--------------------+------------+----------+--------------+


+--------------------------------------------------------------------------------------------------------------------+
; Timing Analyzer Settings                                                                                           ;
+---------------------------------------------------------------------+--------------------+------+----+-------------+
; Option                                                              ; Setting            ; From ; To ; Entity Name ;
+---------------------------------------------------------------------+--------------------+------+----+-------------+
; Device Name                                                         ; EPF10K50SQC240-3   ;      ;    ;             ;
; Timing Models                                                       ; Final              ;      ;    ;             ;
; Default hold multicycle                                             ; Same as Multicycle ;      ;    ;             ;
; Cut paths between unrelated clock domains                           ; On                 ;      ;    ;             ;
; Cut off read during write signal paths                              ; On                 ;      ;    ;             ;
; Cut off feedback from I/O pins                                      ; On                 ;      ;    ;             ;
; Report Combined Fast/Slow Timing                                    ; Off                ;      ;    ;             ;
; Ignore Clock Settings                                               ; Off                ;      ;    ;             ;
; Analyze latches as synchronous elements                             ; On                 ;      ;    ;             ;
; Enable Recovery/Removal analysis                                    ; Off                ;      ;    ;             ;
; Enable Clock Latency                                                ; Off                ;      ;    ;             ;
; Use TimeQuest Timing Analyzer                                       ; Off                ;      ;    ;             ;
; Minimum Core Junction Temperature                                   ; 0                  ;      ;    ;             ;
; Maximum Core Junction Temperature                                   ; 85                 ;      ;    ;             ;
; Number of source nodes to report per destination node               ; 10                 ;      ;    ;             ;
; Number of destination nodes to report                               ; 10                 ;      ;    ;             ;
; Number of paths to report                                           ; 200                ;      ;    ;             ;
; Report Minimum Timing Checks                                        ; Off                ;      ;    ;             ;
; Use Fast Timing Models                                              ; Off                ;      ;    ;             ;
; Report IO Paths Separately                                          ; Off                ;      ;    ;             ;
; Perform Multicorner Analysis                                        ; Off                ;      ;    ;             ;
; Reports the worst-case path for each clock domain and analysis      ; Off                ;      ;    ;             ;
; Removes common clock path pessimism (CCPP) during slack computation ; Off                ;      ;    ;             ;
; Output I/O Timing Endpoint                                          ; Near End           ;      ;    ;             ;
+---------------------------------------------------------------------+--------------------+------+----+-------------+


+------------------------------------------------------------------------------------------------------------------------------------------------------------------------------------+
; Clock Settings Summary                                                                                                                                                             ;
+-----------------+--------------------+----------+------------------+---------------+--------------+----------+-----------------------+---------------------+--------+--------------+
; Clock Node Name ; Clock Setting Name ; Type     ; Fmax Requirement ; Early Latency ; Late Latency ; Based on ; Multiply Base Fmax by ; Divide Base Fmax by ; Offset ; Phase offset ;
+-----------------+--------------------+----------+------------------+---------------+--------------+----------+-----------------------+---------------------+--------+--------------+
; CLK             ;                    ; User Pin ; None             ; 0.000 ns      ; 0.000 ns     ; --       ; N/A                   ; N/A                 ; N/A    ;              ;
+-----------------+--------------------+----------+------------------+---------------+--------------+----------+-----------------------+---------------------+--------+--------------+


Parallel compilation was disabled, but you have multiple processors available. Enable parallel compilation to reduce compilation time.
+-------------------------------------+
; Parallel Compilation                ;
+----------------------------+--------+
; Processors                 ; Number ;
+----------------------------+--------+
; Number detected on machine ; 4      ;
; Maximum allowed            ; 1      ;
+----------------------------+--------+


+--------------------------------------------------------------------------------------------------------------------------------------------------------------------------------------------------+
; Clock Setup: 'CLK'                                                                                                                                                                               ;
+-------+------------------------------------------------+--------------+--------------+------------+----------+-----------------------------+---------------------------+-------------------------+
; Slack ; Actual fmax (period)                           ; From         ; To           ; From Clock ; To Clock ; Required Setup Relationship ; Required Longest P2P Time ; Actual Longest P2P Time ;
+-------+------------------------------------------------+--------------+--------------+------------+----------+-----------------------------+---------------------------+-------------------------+
; N/A   ; 107.53 MHz ( period = 9.300 ns )               ; summ[1]~reg0 ; state.S3     ; CLK        ; CLK      ; None                        ; None                      ; 7.900 ns                ;
; N/A   ; 108.70 MHz ( period = 9.200 ns )               ; summ[0]~reg0 ; state.S3     ; CLK        ; CLK      ; None                        ; None                      ; 7.800 ns                ;
; N/A   ; 114.94 MHz ( period = 8.700 ns )               ; state.S1     ; summ[2]~reg0 ; CLK        ; CLK      ; None                        ; None                      ; 7.300 ns                ;
; N/A   ; 116.28 MHz ( period = 8.600 ns )               ; state.S2     ; summ[2]~reg0 ; CLK        ; CLK      ; None                        ; None                      ; 7.200 ns                ;
; N/A   ; 117.65 MHz ( period = 8.500 ns )               ; summ[3]~reg0 ; state.S3     ; CLK        ; CLK      ; None                        ; None                      ; 7.100 ns                ;
; N/A   ; 117.65 MHz ( period = 8.500 ns )               ; summ[1]~reg0 ; summ[3]~reg0 ; CLK        ; CLK      ; None                        ; None                      ; 7.100 ns                ;
; N/A   ; 119.05 MHz ( period = 8.400 ns )               ; summ[2]~reg0 ; state.S3     ; CLK        ; CLK      ; None                        ; None                      ; 7.000 ns                ;
; N/A   ; 119.05 MHz ( period = 8.400 ns )               ; state.S2     ; summ[3]~reg0 ; CLK        ; CLK      ; None                        ; None                      ; 7.000 ns                ;
; N/A   ; 119.05 MHz ( period = 8.400 ns )               ; state.S1     ; summ[3]~reg0 ; CLK        ; CLK      ; None                        ; None                      ; 7.000 ns                ;
; N/A   ; 119.05 MHz ( period = 8.400 ns )               ; summ[0]~reg0 ; summ[3]~reg0 ; CLK        ; CLK      ; None                        ; None                      ; 7.000 ns                ;
; N/A   ; 120.48 MHz ( period = 8.300 ns )               ; state.S3     ; summ[3]~reg0 ; CLK        ; CLK      ; None                        ; None                      ; 6.900 ns                ;
; N/A   ; 125.00 MHz ( period = 8.000 ns )               ; summ[1]~reg0 ; summ[2]~reg0 ; CLK        ; CLK      ; None                        ; None                      ; 6.600 ns                ;
; N/A   ; 126.58 MHz ( period = 7.900 ns )               ; summ[0]~reg0 ; summ[2]~reg0 ; CLK        ; CLK      ; None                        ; None                      ; 6.500 ns                ;
; N/A   ; 129.87 MHz ( period = 7.700 ns )               ; summ[2]~reg0 ; summ[2]~reg0 ; CLK        ; CLK      ; None                        ; None                      ; 6.300 ns                ;
; N/A   ; 129.87 MHz ( period = 7.700 ns )               ; summ[1]~reg0 ; state.S1     ; CLK        ; CLK      ; None                        ; None                      ; 6.300 ns                ;
; N/A   ; 129.87 MHz ( period = 7.700 ns )               ; summ[2]~reg0 ; summ[3]~reg0 ; CLK        ; CLK      ; None                        ; None                      ; 6.300 ns                ;
; N/A   ; 131.58 MHz ( period = 7.600 ns )               ; summ[1]~reg0 ; state.S2     ; CLK        ; CLK      ; None                        ; None                      ; 6.200 ns                ;
; N/A   ; 131.58 MHz ( period = 7.600 ns )               ; summ[0]~reg0 ; state.S1     ; CLK        ; CLK      ; None                        ; None                      ; 6.200 ns                ;
; N/A   ; 133.33 MHz ( period = 7.500 ns )               ; summ[0]~reg0 ; state.S2     ; CLK        ; CLK      ; None                        ; None                      ; 6.100 ns                ;
; N/A   ; 144.93 MHz ( period = 6.900 ns )               ; summ[3]~reg0 ; state.S1     ; CLK        ; CLK      ; None                        ; None                      ; 5.500 ns                ;
; N/A   ; 147.06 MHz ( period = 6.800 ns )               ; state.S1     ; summ[1]~reg0 ; CLK        ; CLK      ; None                        ; None                      ; 5.400 ns                ;
; N/A   ; 147.06 MHz ( period = 6.800 ns )               ; summ[3]~reg0 ; state.S2     ; CLK        ; CLK      ; None                        ; None                      ; 5.400 ns                ;
; N/A   ; 147.06 MHz ( period = 6.800 ns )               ; summ[2]~reg0 ; state.S1     ; CLK        ; CLK      ; None                        ; None                      ; 5.400 ns                ;
; N/A   ; 149.25 MHz ( period = 6.700 ns )               ; state.S2     ; summ[1]~reg0 ; CLK        ; CLK      ; None                        ; None                      ; 5.300 ns                ;
; N/A   ; 149.25 MHz ( period = 6.700 ns )               ; state.S3     ; summ[1]~reg0 ; CLK        ; CLK      ; None                        ; None                      ; 5.300 ns                ;
; N/A   ; 149.25 MHz ( period = 6.700 ns )               ; summ[2]~reg0 ; state.S2     ; CLK        ; CLK      ; None                        ; None                      ; 5.300 ns                ;
; N/A   ; 163.93 MHz ( period = 6.100 ns )               ; state.S4     ; summ[2]~reg0 ; CLK        ; CLK      ; None                        ; None                      ; 4.700 ns                ;
; N/A   ; 163.93 MHz ( period = 6.100 ns )               ; state.S4     ; summ[3]~reg0 ; CLK        ; CLK      ; None                        ; None                      ; 4.700 ns                ;
; N/A   ; 166.67 MHz ( period = 6.000 ns )               ; state.S3     ; summ[2]~reg0 ; CLK        ; CLK      ; None                        ; None                      ; 4.600 ns                ;
; N/A   ; 166.67 MHz ( period = 6.000 ns )               ; state.S2     ; state.S3     ; CLK        ; CLK      ; None                        ; None                      ; 4.600 ns                ;
; N/A   ; 166.67 MHz ( period = 6.000 ns )               ; summ[1]~reg0 ; state.S4     ; CLK        ; CLK      ; None                        ; None                      ; 4.600 ns                ;
; N/A   ; 166.67 MHz ( period = 6.000 ns )               ; summ[3]~reg0 ; summ[3]~reg0 ; CLK        ; CLK      ; None                        ; None                      ; 4.600 ns                ;
; N/A   ; Restricted to 166.67 MHz ( period = 6.000 ns ) ; state.S1     ; state.S3     ; CLK        ; CLK      ; None                        ; None                      ; 4.500 ns                ;
; N/A   ; Restricted to 166.67 MHz ( period = 6.000 ns ) ; state.S3     ; state.S3     ; CLK        ; CLK      ; None                        ; None                      ; 4.500 ns                ;
; N/A   ; Restricted to 166.67 MHz ( period = 6.000 ns ) ; summ[0]~reg0 ; state.S4     ; CLK        ; CLK      ; None                        ; None                      ; 4.500 ns                ;
; N/A   ; Restricted to 166.67 MHz ( period = 6.000 ns ) ; state.S4     ; summ[0]~reg0 ; CLK        ; CLK      ; None                        ; None                      ; 4.000 ns                ;
; N/A   ; Restricted to 166.67 MHz ( period = 6.000 ns ) ; state.S4     ; summ[1]~reg0 ; CLK        ; CLK      ; None                        ; None                      ; 3.800 ns                ;
; N/A   ; Restricted to 166.67 MHz ( period = 6.000 ns ) ; summ[3]~reg0 ; state.S4     ; CLK        ; CLK      ; None                        ; None                      ; 3.800 ns                ;
; N/A   ; Restricted to 166.67 MHz ( period = 6.000 ns ) ; state.S3     ; summ[0]~reg0 ; CLK        ; CLK      ; None                        ; None                      ; 3.800 ns                ;
; N/A   ; Restricted to 166.67 MHz ( period = 6.000 ns ) ; summ[2]~reg0 ; state.S4     ; CLK        ; CLK      ; None                        ; None                      ; 3.700 ns                ;
; N/A   ; Restricted to 166.67 MHz ( period = 6.000 ns ) ; state.S2     ; summ[0]~reg0 ; CLK        ; CLK      ; None                        ; None                      ; 3.700 ns                ;
; N/A   ; Restricted to 166.67 MHz ( period = 6.000 ns ) ; state.S1     ; summ[0]~reg0 ; CLK        ; CLK      ; None                        ; None                      ; 3.600 ns                ;
; N/A   ; Restricted to 166.67 MHz ( period = 6.000 ns ) ; state.S2     ; state.S1     ; CLK        ; CLK      ; None                        ; None                      ; 3.000 ns                ;
; N/A   ; Restricted to 166.67 MHz ( period = 6.000 ns ) ; summ[1]~reg0 ; summ[1]~reg0 ; CLK        ; CLK      ; None                        ; None                      ; 2.900 ns                ;
; N/A   ; Restricted to 166.67 MHz ( period = 6.000 ns ) ; state.S2     ; state.S2     ; CLK        ; CLK      ; None                        ; None                      ; 2.900 ns                ;
; N/A   ; Restricted to 166.67 MHz ( period = 6.000 ns ) ; state.S1     ; state.S1     ; CLK        ; CLK      ; None                        ; None                      ; 2.900 ns                ;
; N/A   ; Restricted to 166.67 MHz ( period = 6.000 ns ) ; state.S3     ; state.S1     ; CLK        ; CLK      ; None                        ; None                      ; 2.900 ns                ;
; N/A   ; Restricted to 166.67 MHz ( period = 6.000 ns ) ; state.S0     ; state.S3     ; CLK        ; CLK      ; None                        ; None                      ; 2.900 ns                ;
; N/A   ; Restricted to 166.67 MHz ( period = 6.000 ns ) ; summ[0]~reg0 ; summ[1]~reg0 ; CLK        ; CLK      ; None                        ; None                      ; 2.800 ns                ;
; N/A   ; Restricted to 166.67 MHz ( period = 6.000 ns ) ; state.S1     ; state.S2     ; CLK        ; CLK      ; None                        ; None                      ; 2.800 ns                ;
; N/A   ; Restricted to 166.67 MHz ( period = 6.000 ns ) ; state.S3     ; state.S2     ; CLK        ; CLK      ; None                        ; None                      ; 2.800 ns                ;
; N/A   ; Restricted to 166.67 MHz ( period = 6.000 ns ) ; state.S0     ; state.S2     ; CLK        ; CLK      ; None                        ; None                      ; 1.200 ns                ;
; N/A   ; Restricted to 166.67 MHz ( period = 6.000 ns ) ; state.S0     ; state.S1     ; CLK        ; CLK      ; None                        ; None                      ; 1.200 ns                ;
; N/A   ; Restricted to 166.67 MHz ( period = 6.000 ns ) ; state.S4     ; state.S4     ; CLK        ; CLK      ; None                        ; None                      ; 1.200 ns                ;
; N/A   ; Restricted to 166.67 MHz ( period = 6.000 ns ) ; state.S0     ; state.S4     ; CLK        ; CLK      ; None                        ; None                      ; 1.200 ns                ;
; N/A   ; Restricted to 166.67 MHz ( period = 6.000 ns ) ; state.S0     ; state.S0     ; CLK        ; CLK      ; None                        ; None                      ; 1.200 ns                ;
; N/A   ; Restricted to 166.67 MHz ( period = 6.000 ns ) ; summ[0]~reg0 ; summ[0]~reg0 ; CLK        ; CLK      ; None                        ; None                      ; 1.200 ns                ;
; N/A   ; Restricted to 166.67 MHz ( period = 6.000 ns ) ; state.S4     ; state.S0     ; CLK        ; CLK      ; None                        ; None                      ; 1.100 ns                ;
+-------+------------------------------------------------+--------------+--------------+------------+----------+-----------------------------+---------------------------+-------------------------+


+--------------------------------------------------------------------+
; tsu                                                                ;
+-------+--------------+------------+----------+----------+----------+
; Slack ; Required tsu ; Actual tsu ; From     ; To       ; To Clock ;
+-------+--------------+------------+----------+----------+----------+
; N/A   ; None         ; 7.000 ns   ; value[0] ; state.S3 ; CLK      ;
; N/A   ; None         ; 7.000 ns   ; value[2] ; state.S3 ; CLK      ;
; N/A   ; None         ; 6.900 ns   ; value[1] ; state.S3 ; CLK      ;
; N/A   ; None         ; 5.400 ns   ; value[0] ; state.S2 ; CLK      ;
; N/A   ; None         ; 5.400 ns   ; value[1] ; state.S2 ; CLK      ;
; N/A   ; None         ; 5.300 ns   ; value[0] ; state.S0 ; CLK      ;
; N/A   ; None         ; 5.300 ns   ; value[2] ; state.S2 ; CLK      ;
; N/A   ; None         ; 5.300 ns   ; value[2] ; state.S0 ; CLK      ;
; N/A   ; None         ; 5.200 ns   ; value[1] ; state.S1 ; CLK      ;
; N/A   ; None         ; 5.200 ns   ; value[1] ; state.S0 ; CLK      ;
; N/A   ; None         ; 5.200 ns   ; value[2] ; state.S1 ; CLK      ;
; N/A   ; None         ; 5.100 ns   ; value[0] ; state.S1 ; CLK      ;
+-------+--------------+------------+----------+----------+----------+


+------------------------------------------------------------------------------------+
; tco                                                                                ;
+-------+--------------+------------+--------------+--------------------+------------+
; Slack ; Required tco ; Actual tco ; From         ; To                 ; From Clock ;
+-------+--------------+------------+--------------+--------------------+------------+
; N/A   ; None         ; 15.100 ns  ; summ[2]~reg0 ; give_4_rubles_back ; CLK        ;
; N/A   ; None         ; 15.100 ns  ; summ[3]~reg0 ; give_4_rubles_back ; CLK        ;
; N/A   ; None         ; 14.400 ns  ; summ[1]~reg0 ; give_2_rubles_back ; CLK        ;
; N/A   ; None         ; 14.100 ns  ; summ[2]~reg0 ; give_2_rubles_back ; CLK        ;
; N/A   ; None         ; 14.100 ns  ; summ[1]~reg0 ; give_1_ruble_back  ; CLK        ;
; N/A   ; None         ; 13.800 ns  ; summ[2]~reg0 ; give_1_ruble_back  ; CLK        ;
; N/A   ; None         ; 13.700 ns  ; summ[1]~reg0 ; give_4_rubles_back ; CLK        ;
; N/A   ; None         ; 13.600 ns  ; state.S4     ; give_4_rubles_back ; CLK        ;
; N/A   ; None         ; 13.500 ns  ; summ[0]~reg0 ; give_4_rubles_back ; CLK        ;
; N/A   ; None         ; 13.400 ns  ; summ[1]~reg0 ; M                  ; CLK        ;
; N/A   ; None         ; 13.300 ns  ; summ[0]~reg0 ; M                  ; CLK        ;
; N/A   ; None         ; 12.700 ns  ; state.S4     ; give_2_rubles_back ; CLK        ;
; N/A   ; None         ; 12.700 ns  ; summ[3]~reg0 ; give_2_rubles_back ; CLK        ;
; N/A   ; None         ; 12.600 ns  ; summ[3]~reg0 ; M                  ; CLK        ;
; N/A   ; None         ; 12.600 ns  ; summ[0]~reg0 ; give_2_rubles_back ; CLK        ;
; N/A   ; None         ; 12.500 ns  ; summ[2]~reg0 ; M                  ; CLK        ;
; N/A   ; None         ; 12.500 ns  ; state.S4     ; give_1_ruble_back  ; CLK        ;
; N/A   ; None         ; 12.500 ns  ; summ[0]~reg0 ; give_1_ruble_back  ; CLK        ;
; N/A   ; None         ; 12.500 ns  ; summ[3]~reg0 ; give_1_ruble_back  ; CLK        ;
; N/A   ; None         ; 10.900 ns  ; summ[3]~reg0 ; summ[3]            ; CLK        ;
; N/A   ; None         ; 10.800 ns  ; summ[2]~reg0 ; summ[2]            ; CLK        ;
; N/A   ; None         ; 9.900 ns   ; summ[1]~reg0 ; summ[1]            ; CLK        ;
; N/A   ; None         ; 9.900 ns   ; summ[0]~reg0 ; summ[0]            ; CLK        ;
+-------+--------------+------------+--------------+--------------------+------------+


+--------------------------------------------------------------------------+
; th                                                                       ;
+---------------+-------------+-----------+----------+----------+----------+
; Minimum Slack ; Required th ; Actual th ; From     ; To       ; To Clock ;
+---------------+-------------+-----------+----------+----------+----------+
; N/A           ; None        ; -3.600 ns ; value[0] ; state.S1 ; CLK      ;
; N/A           ; None        ; -3.600 ns ; value[2] ; state.S3 ; CLK      ;
; N/A           ; None        ; -3.700 ns ; value[0] ; state.S2 ; CLK      ;
; N/A           ; None        ; -3.700 ns ; value[0] ; state.S3 ; CLK      ;
; N/A           ; None        ; -3.700 ns ; value[1] ; state.S1 ; CLK      ;
; N/A           ; None        ; -3.700 ns ; value[1] ; state.S3 ; CLK      ;
; N/A           ; None        ; -3.700 ns ; value[1] ; state.S0 ; CLK      ;
; N/A           ; None        ; -3.700 ns ; value[2] ; state.S1 ; CLK      ;
; N/A           ; None        ; -3.800 ns ; value[0] ; state.S0 ; CLK      ;
; N/A           ; None        ; -3.800 ns ; value[1] ; state.S2 ; CLK      ;
; N/A           ; None        ; -3.800 ns ; value[2] ; state.S2 ; CLK      ;
; N/A           ; None        ; -3.800 ns ; value[2] ; state.S0 ; CLK      ;
+---------------+-------------+-----------+----------+----------+----------+


+--------------------------+
; Timing Analyzer Messages ;
+--------------------------+
Info: *******************************************************************
Info: Running Quartus II Classic Timing Analyzer
    Info: Version 9.0 Build 235 06/17/2009 Service Pack 2 SJ Web Edition
    Info: Processing started: Tue Mar 23 13:37:20 2021
Info: Command: quartus_tan --read_settings_files=off --write_settings_files=off drinks -c drinks
Info: Started post-fitting delay annotation
Info: Delay annotation completed successfully
Warning: Found pins functioning as undefined clocks and/or memory enables
    Info: Assuming node "CLK" is an undefined clock
Info: Clock "CLK" has Internal fmax of 107.53 MHz between source register "summ[1]~reg0" and destination register "state.S3" (period= 9.3 ns)
    Info: + Longest register to register delay is 7.900 ns
        Info: 1: + IC(0.000 ns) + CELL(0.000 ns) = 0.000 ns; Loc. = LC1_C34; Fanout = 10; REG Node = 'summ[1]~reg0'
        Info: 2: + IC(1.100 ns) + CELL(1.500 ns) = 2.600 ns; Loc. = LC4_C35; Fanout = 3; COMB Node = 'LessThan0~0'
        Info: 3: + IC(1.100 ns) + CELL(1.400 ns) = 5.100 ns; Loc. = LC6_C36; Fanout = 3; COMB Node = 'Selector1~0'
        Info: 4: + IC(0.200 ns) + CELL(1.400 ns) = 6.700 ns; Loc. = LC7_C36; Fanout = 1; COMB Node = 'Selector3~0'
        Info: 5: + IC(0.200 ns) + CELL(1.000 ns) = 7.900 ns; Loc. = LC8_C36; Fanout = 5; REG Node = 'state.S3'
        Info: Total cell delay = 5.300 ns ( 67.09 % )
        Info: Total interconnect delay = 2.600 ns ( 32.91 % )
    Info: - Smallest clock skew is 0.000 ns
        Info: + Shortest clock path from clock "CLK" to destination register is 3.500 ns
            Info: 1: + IC(0.000 ns) + CELL(2.200 ns) = 2.200 ns; Loc. = PIN_91; Fanout = 9; CLK Node = 'CLK'
            Info: 2: + IC(1.300 ns) + CELL(0.000 ns) = 3.500 ns; Loc. = LC8_C36; Fanout = 5; REG Node = 'state.S3'
            Info: Total cell delay = 2.200 ns ( 62.86 % )
            Info: Total interconnect delay = 1.300 ns ( 37.14 % )
        Info: - Longest clock path from clock "CLK" to source register is 3.500 ns
            Info: 1: + IC(0.000 ns) + CELL(2.200 ns) = 2.200 ns; Loc. = PIN_91; Fanout = 9; CLK Node = 'CLK'
            Info: 2: + IC(1.300 ns) + CELL(0.000 ns) = 3.500 ns; Loc. = LC1_C34; Fanout = 10; REG Node = 'summ[1]~reg0'
            Info: Total cell delay = 2.200 ns ( 62.86 % )
            Info: Total interconnect delay = 1.300 ns ( 37.14 % )
    Info: + Micro clock to output delay of source is 0.700 ns
    Info: + Micro setup delay of destination is 0.700 ns
Info: tsu for register "state.S3" (data pin = "value[0]", clock pin = "CLK") is 7.000 ns
    Info: + Longest pin to register delay is 9.800 ns
        Info: 1: + IC(0.000 ns) + CELL(2.200 ns) = 2.200 ns; Loc. = PIN_92; Fanout = 3; PIN Node = 'value[0]'
        Info: 2: + IC(1.800 ns) + CELL(1.500 ns) = 5.500 ns; Loc. = LC3_C21; Fanout = 2; COMB Node = 'Equal0~0'
        Info: 3: + IC(1.600 ns) + CELL(1.500 ns) = 8.600 ns; Loc. = LC7_C36; Fanout = 1; COMB Node = 'Selector3~0'
        Info: 4: + IC(0.200 ns) + CELL(1.000 ns) = 9.800 ns; Loc. = LC8_C36; Fanout = 5; REG Node = 'state.S3'
        Info: Total cell delay = 6.200 ns ( 63.27 % )
        Info: Total interconnect delay = 3.600 ns ( 36.73 % )
    Info: + Micro setup delay of destination is 0.700 ns
    Info: - Shortest clock path from clock "CLK" to destination register is 3.500 ns
        Info: 1: + IC(0.000 ns) + CELL(2.200 ns) = 2.200 ns; Loc. = PIN_91; Fanout = 9; CLK Node = 'CLK'
        Info: 2: + IC(1.300 ns) + CELL(0.000 ns) = 3.500 ns; Loc. = LC8_C36; Fanout = 5; REG Node = 'state.S3'
        Info: Total cell delay = 2.200 ns ( 62.86 % )
        Info: Total interconnect delay = 1.300 ns ( 37.14 % )
Info: tco from clock "CLK" to destination pin "give_4_rubles_back" through register "summ[2]~reg0" is 15.100 ns
    Info: + Longest clock path from clock "CLK" to source register is 3.500 ns
        Info: 1: + IC(0.000 ns) + CELL(2.200 ns) = 2.200 ns; Loc. = PIN_91; Fanout = 9; CLK Node = 'CLK'
        Info: 2: + IC(1.300 ns) + CELL(0.000 ns) = 3.500 ns; Loc. = LC8_C35; Fanout = 9; REG Node = 'summ[2]~reg0'
        Info: Total cell delay = 2.200 ns ( 62.86 % )
        Info: Total interconnect delay = 1.300 ns ( 37.14 % )
    Info: + Micro clock to output delay of source is 0.700 ns
    Info: + Longest register to pin delay is 10.900 ns
        Info: 1: + IC(0.000 ns) + CELL(0.000 ns) = 0.000 ns; Loc. = LC8_C35; Fanout = 9; REG Node = 'summ[2]~reg0'
        Info: 2: + IC(1.100 ns) + CELL(1.500 ns) = 2.600 ns; Loc. = LC5_C33; Fanout = 1; COMB Node = 'give_4_rubles_back~3'
        Info: 3: + IC(0.200 ns) + CELL(1.500 ns) = 4.300 ns; Loc. = LC1_C33; Fanout = 1; COMB Node = 'give_4_rubles_back~0'
        Info: 4: + IC(2.000 ns) + CELL(4.600 ns) = 10.900 ns; Loc. = PIN_164; Fanout = 0; PIN Node = 'give_4_rubles_back'
        Info: Total cell delay = 7.600 ns ( 69.72 % )
        Info: Total interconnect delay = 3.300 ns ( 30.28 % )
Info: th for register "state.S1" (data pin = "value[0]", clock pin = "CLK") is -3.600 ns
    Info: + Longest clock path from clock "CLK" to destination register is 3.500 ns
        Info: 1: + IC(0.000 ns) + CELL(2.200 ns) = 2.200 ns; Loc. = PIN_91; Fanout = 9; CLK Node = 'CLK'
        Info: 2: + IC(1.300 ns) + CELL(0.000 ns) = 3.500 ns; Loc. = LC2_C36; Fanout = 8; REG Node = 'state.S1'
        Info: Total cell delay = 2.200 ns ( 62.86 % )
        Info: Total interconnect delay = 1.300 ns ( 37.14 % )
    Info: + Micro hold delay of destination is 0.800 ns
    Info: - Shortest pin to register delay is 7.900 ns
        Info: 1: + IC(0.000 ns) + CELL(2.200 ns) = 2.200 ns; Loc. = PIN_92; Fanout = 3; PIN Node = 'value[0]'
        Info: 2: + IC(1.800 ns) + CELL(1.400 ns) = 5.400 ns; Loc. = LC2_C21; Fanout = 3; COMB Node = 'Equal1~0'
        Info: 3: + IC(1.600 ns) + CELL(0.900 ns) = 7.900 ns; Loc. = LC2_C36; Fanout = 8; REG Node = 'state.S1'
        Info: Total cell delay = 4.500 ns ( 56.96 % )
        Info: Total interconnect delay = 3.400 ns ( 43.04 % )
Info: Quartus II Classic Timing Analyzer was successful. 0 errors, 1 warning
    Info: Peak virtual memory: 199 megabytes
    Info: Processing ended: Tue Mar 23 13:37:21 2021
    Info: Elapsed time: 00:00:01
    Info: Total CPU time (on all processors): 00:00:00


