Classic Timing Analyzer report for Schnecke
Tue Mar 23 11:38:48 2021
Quartus II Version 9.0 Build 235 06/17/2009 Service Pack 2 SJ Web Edition


---------------------
; Table of Contents ;
---------------------
  1. Legal Notice
  2. Timing Analyzer Summary
  3. Timing Analyzer Settings
  4. Clock Settings Summary
  5. Parallel Compilation
  6. Clock Setup: 'CLK'
  7. tsu
  8. tco
  9. tpd
 10. th
 11. Timing Analyzer Messages



----------------
; Legal Notice ;
----------------
Copyright (C) 1991-2009 Altera Corporation
Your use of Altera Corporation's design tools, logic functions 
and other software and tools, and its AMPP partner logic 
functions, and any output files from any of the foregoing 
(including device programming or simulation files), and any 
associated documentation or information are expressly subject 
to the terms and conditions of the Altera Program License 
Subscription Agreement, Altera MegaCore Function License 
Agreement, or other applicable license agreement, including, 
without limitation, that your use is for the sole purpose of 
programming logic devices manufactured by Altera and sold by 
Altera or its authorized distributors.  Please refer to the 
applicable agreement for further details.



+--------------------------------------------------------------------------------------------------------------------------------------------------------------------+
; Timing Analyzer Summary                                                                                                                                            ;
+------------------------------+-------+---------------+------------------------------------------------+----------+----------+------------+----------+--------------+
; Type                         ; Slack ; Required Time ; Actual Time                                    ; From     ; To       ; From Clock ; To Clock ; Failed Paths ;
+------------------------------+-------+---------------+------------------------------------------------+----------+----------+------------+----------+--------------+
; Worst-case tsu               ; N/A   ; None          ; 2.300 ns                                       ; value    ; state.S0 ; --         ; CLK      ; 0            ;
; Worst-case tco               ; N/A   ; None          ; 12.100 ns                                      ; state.S4 ; q        ; CLK        ; --       ; 0            ;
; Worst-case tpd               ; N/A   ; None          ; 11.700 ns                                      ; value    ; q        ; --         ; --       ; 0            ;
; Worst-case th                ; N/A   ; None          ; -0.600 ns                                      ; value    ; state.S1 ; --         ; CLK      ; 0            ;
; Clock Setup: 'CLK'           ; N/A   ; None          ; Restricted to 166.67 MHz ( period = 6.000 ns ) ; state.S0 ; state.S0 ; CLK        ; CLK      ; 0            ;
; Total number of failed paths ;       ;               ;                                                ;          ;          ;            ;          ; 0            ;
+------------------------------+-------+---------------+------------------------------------------------+----------+----------+------------+----------+--------------+


+--------------------------------------------------------------------------------------------------------------------+
; Timing Analyzer Settings                                                                                           ;
+---------------------------------------------------------------------+--------------------+------+----+-------------+
; Option                                                              ; Setting            ; From ; To ; Entity Name ;
+---------------------------------------------------------------------+--------------------+------+----+-------------+
; Device Name                                                         ; EPF10K50SQC240-3   ;      ;    ;             ;
; Timing Models                                                       ; Final              ;      ;    ;             ;
; Default hold multicycle                                             ; Same as Multicycle ;      ;    ;             ;
; Cut paths between unrelated clock domains                           ; On                 ;      ;    ;             ;
; Cut off read during write signal paths                              ; On                 ;      ;    ;             ;
; Cut off feedback from I/O pins                                      ; On                 ;      ;    ;             ;
; Report Combined Fast/Slow Timing                                    ; Off                ;      ;    ;             ;
; Ignore Clock Settings                                               ; Off                ;      ;    ;             ;
; Analyze latches as synchronous elements                             ; On                 ;      ;    ;             ;
; Enable Recovery/Removal analysis                                    ; Off                ;      ;    ;             ;
; Enable Clock Latency                                                ; Off                ;      ;    ;             ;
; Use TimeQuest Timing Analyzer                                       ; Off                ;      ;    ;             ;
; Minimum Core Junction Temperature                                   ; 0                  ;      ;    ;             ;
; Maximum Core Junction Temperature                                   ; 85                 ;      ;    ;             ;
; Number of source nodes to report per destination node               ; 10                 ;      ;    ;             ;
; Number of destination nodes to report                               ; 10                 ;      ;    ;             ;
; Number of paths to report                                           ; 200                ;      ;    ;             ;
; Report Minimum Timing Checks                                        ; Off                ;      ;    ;             ;
; Use Fast Timing Models                                              ; Off                ;      ;    ;             ;
; Report IO Paths Separately                                          ; Off                ;      ;    ;             ;
; Perform Multicorner Analysis                                        ; Off                ;      ;    ;             ;
; Reports the worst-case path for each clock domain and analysis      ; Off                ;      ;    ;             ;
; Removes common clock path pessimism (CCPP) during slack computation ; Off                ;      ;    ;             ;
; Output I/O Timing Endpoint                                          ; Near End           ;      ;    ;             ;
+---------------------------------------------------------------------+--------------------+------+----+-------------+


+------------------------------------------------------------------------------------------------------------------------------------------------------------------------------------+
; Clock Settings Summary                                                                                                                                                             ;
+-----------------+--------------------+----------+------------------+---------------+--------------+----------+-----------------------+---------------------+--------+--------------+
; Clock Node Name ; Clock Setting Name ; Type     ; Fmax Requirement ; Early Latency ; Late Latency ; Based on ; Multiply Base Fmax by ; Divide Base Fmax by ; Offset ; Phase offset ;
+-----------------+--------------------+----------+------------------+---------------+--------------+----------+-----------------------+---------------------+--------+--------------+
; CLK             ;                    ; User Pin ; None             ; 0.000 ns      ; 0.000 ns     ; --       ; N/A                   ; N/A                 ; N/A    ;              ;
+-----------------+--------------------+----------+------------------+---------------+--------------+----------+-----------------------+---------------------+--------+--------------+


Parallel compilation was disabled, but you have multiple processors available. Enable parallel compilation to reduce compilation time.
+-------------------------------------+
; Parallel Compilation                ;
+----------------------------+--------+
; Processors                 ; Number ;
+----------------------------+--------+
; Number detected on machine ; 4      ;
; Maximum allowed            ; 1      ;
+----------------------------+--------+


+------------------------------------------------------------------------------------------------------------------------------------------------------------------------------------------+
; Clock Setup: 'CLK'                                                                                                                                                                       ;
+-------+------------------------------------------------+----------+----------+------------+----------+-----------------------------+---------------------------+-------------------------+
; Slack ; Actual fmax (period)                           ; From     ; To       ; From Clock ; To Clock ; Required Setup Relationship ; Required Longest P2P Time ; Actual Longest P2P Time ;
+-------+------------------------------------------------+----------+----------+------------+----------+-----------------------------+---------------------------+-------------------------+
; N/A   ; Restricted to 166.67 MHz ( period = 6.000 ns ) ; state.S4 ; state.S3 ; CLK        ; CLK      ; None                        ; None                      ; 1.200 ns                ;
; N/A   ; Restricted to 166.67 MHz ( period = 6.000 ns ) ; state.S2 ; state.S3 ; CLK        ; CLK      ; None                        ; None                      ; 1.200 ns                ;
; N/A   ; Restricted to 166.67 MHz ( period = 6.000 ns ) ; state.S4 ; state.S4 ; CLK        ; CLK      ; None                        ; None                      ; 1.200 ns                ;
; N/A   ; Restricted to 166.67 MHz ( period = 6.000 ns ) ; state.S2 ; state.S4 ; CLK        ; CLK      ; None                        ; None                      ; 1.200 ns                ;
; N/A   ; Restricted to 166.67 MHz ( period = 6.000 ns ) ; state.S1 ; state.S2 ; CLK        ; CLK      ; None                        ; None                      ; 1.200 ns                ;
; N/A   ; Restricted to 166.67 MHz ( period = 6.000 ns ) ; state.S0 ; state.S1 ; CLK        ; CLK      ; None                        ; None                      ; 1.200 ns                ;
; N/A   ; Restricted to 166.67 MHz ( period = 6.000 ns ) ; state.S1 ; state.S0 ; CLK        ; CLK      ; None                        ; None                      ; 1.200 ns                ;
; N/A   ; Restricted to 166.67 MHz ( period = 6.000 ns ) ; state.S0 ; state.S0 ; CLK        ; CLK      ; None                        ; None                      ; 1.200 ns                ;
; N/A   ; Restricted to 166.67 MHz ( period = 6.000 ns ) ; state.S3 ; state.S0 ; CLK        ; CLK      ; None                        ; None                      ; 1.100 ns                ;
+-------+------------------------------------------------+----------+----------+------------+----------+-----------------------------+---------------------------+-------------------------+


+-----------------------------------------------------------------+
; tsu                                                             ;
+-------+--------------+------------+-------+----------+----------+
; Slack ; Required tsu ; Actual tsu ; From  ; To       ; To Clock ;
+-------+--------------+------------+-------+----------+----------+
; N/A   ; None         ; 2.300 ns   ; value ; state.S0 ; CLK      ;
; N/A   ; None         ; 2.100 ns   ; value ; state.S3 ; CLK      ;
; N/A   ; None         ; 2.100 ns   ; value ; state.S4 ; CLK      ;
; N/A   ; None         ; 2.100 ns   ; value ; state.S2 ; CLK      ;
; N/A   ; None         ; 2.100 ns   ; value ; state.S1 ; CLK      ;
+-------+--------------+------------+-------+----------+----------+


+----------------------------------------------------------------+
; tco                                                            ;
+-------+--------------+------------+----------+----+------------+
; Slack ; Required tco ; Actual tco ; From     ; To ; From Clock ;
+-------+--------------+------------+----------+----+------------+
; N/A   ; None         ; 12.100 ns  ; state.S4 ; q  ; CLK        ;
; N/A   ; None         ; 12.000 ns  ; state.S3 ; q  ; CLK        ;
+-------+--------------+------------+----------+----+------------+


+----------------------------------------------------------+
; tpd                                                      ;
+-------+-------------------+-----------------+-------+----+
; Slack ; Required P2P Time ; Actual P2P Time ; From  ; To ;
+-------+-------------------+-----------------+-------+----+
; N/A   ; None              ; 11.700 ns       ; value ; q  ;
+-------+-------------------+-----------------+-------+----+


+-----------------------------------------------------------------------+
; th                                                                    ;
+---------------+-------------+-----------+-------+----------+----------+
; Minimum Slack ; Required th ; Actual th ; From  ; To       ; To Clock ;
+---------------+-------------+-----------+-------+----------+----------+
; N/A           ; None        ; -0.600 ns ; value ; state.S3 ; CLK      ;
; N/A           ; None        ; -0.600 ns ; value ; state.S4 ; CLK      ;
; N/A           ; None        ; -0.600 ns ; value ; state.S2 ; CLK      ;
; N/A           ; None        ; -0.600 ns ; value ; state.S1 ; CLK      ;
; N/A           ; None        ; -0.800 ns ; value ; state.S0 ; CLK      ;
+---------------+-------------+-----------+-------+----------+----------+


+--------------------------+
; Timing Analyzer Messages ;
+--------------------------+
Info: *******************************************************************
Info: Running Quartus II Classic Timing Analyzer
    Info: Version 9.0 Build 235 06/17/2009 Service Pack 2 SJ Web Edition
    Info: Processing started: Tue Mar 23 11:38:48 2021
Info: Command: quartus_tan --read_settings_files=off --write_settings_files=off Schnecke -c Schnecke
Info: Started post-fitting delay annotation
Info: Delay annotation completed successfully
Warning: Found pins functioning as undefined clocks and/or memory enables
    Info: Assuming node "CLK" is an undefined clock
Info: Clock "CLK" Internal fmax is restricted to 166.67 MHz between source register "state.S4" and destination register "state.S3"
    Info: fmax restricted to Clock High delay (3.0 ns) plus Clock Low delay (3.0 ns) : restricted to 6.0 ns. Expand message to see actual delay path.
        Info: + Longest register to register delay is 1.200 ns
            Info: 1: + IC(0.000 ns) + CELL(0.000 ns) = 0.000 ns; Loc. = LC3_D19; Fanout = 3; REG Node = 'state.S4'
            Info: 2: + IC(0.200 ns) + CELL(1.000 ns) = 1.200 ns; Loc. = LC2_D19; Fanout = 2; REG Node = 'state.S3'
            Info: Total cell delay = 1.000 ns ( 83.33 % )
            Info: Total interconnect delay = 0.200 ns ( 16.67 % )
        Info: - Smallest clock skew is 0.000 ns
            Info: + Shortest clock path from clock "CLK" to destination register is 3.500 ns
                Info: 1: + IC(0.000 ns) + CELL(2.200 ns) = 2.200 ns; Loc. = PIN_91; Fanout = 5; CLK Node = 'CLK'
                Info: 2: + IC(1.300 ns) + CELL(0.000 ns) = 3.500 ns; Loc. = LC2_D19; Fanout = 2; REG Node = 'state.S3'
                Info: Total cell delay = 2.200 ns ( 62.86 % )
                Info: Total interconnect delay = 1.300 ns ( 37.14 % )
            Info: - Longest clock path from clock "CLK" to source register is 3.500 ns
                Info: 1: + IC(0.000 ns) + CELL(2.200 ns) = 2.200 ns; Loc. = PIN_91; Fanout = 5; CLK Node = 'CLK'
                Info: 2: + IC(1.300 ns) + CELL(0.000 ns) = 3.500 ns; Loc. = LC3_D19; Fanout = 3; REG Node = 'state.S4'
                Info: Total cell delay = 2.200 ns ( 62.86 % )
                Info: Total interconnect delay = 1.300 ns ( 37.14 % )
        Info: + Micro clock to output delay of source is 0.700 ns
        Info: + Micro setup delay of destination is 0.700 ns
Info: tsu for register "state.S0" (data pin = "value", clock pin = "CLK") is 2.300 ns
    Info: + Longest pin to register delay is 5.100 ns
        Info: 1: + IC(0.000 ns) + CELL(2.200 ns) = 2.200 ns; Loc. = PIN_210; Fanout = 6; PIN Node = 'value'
        Info: 2: + IC(1.800 ns) + CELL(1.100 ns) = 5.100 ns; Loc. = LC6_D19; Fanout = 2; REG Node = 'state.S0'
        Info: Total cell delay = 3.300 ns ( 64.71 % )
        Info: Total interconnect delay = 1.800 ns ( 35.29 % )
    Info: + Micro setup delay of destination is 0.700 ns
    Info: - Shortest clock path from clock "CLK" to destination register is 3.500 ns
        Info: 1: + IC(0.000 ns) + CELL(2.200 ns) = 2.200 ns; Loc. = PIN_91; Fanout = 5; CLK Node = 'CLK'
        Info: 2: + IC(1.300 ns) + CELL(0.000 ns) = 3.500 ns; Loc. = LC6_D19; Fanout = 2; REG Node = 'state.S0'
        Info: Total cell delay = 2.200 ns ( 62.86 % )
        Info: Total interconnect delay = 1.300 ns ( 37.14 % )
Info: tco from clock "CLK" to destination pin "q" through register "state.S4" is 12.100 ns
    Info: + Longest clock path from clock "CLK" to source register is 3.500 ns
        Info: 1: + IC(0.000 ns) + CELL(2.200 ns) = 2.200 ns; Loc. = PIN_91; Fanout = 5; CLK Node = 'CLK'
        Info: 2: + IC(1.300 ns) + CELL(0.000 ns) = 3.500 ns; Loc. = LC3_D19; Fanout = 3; REG Node = 'state.S4'
        Info: Total cell delay = 2.200 ns ( 62.86 % )
        Info: Total interconnect delay = 1.300 ns ( 37.14 % )
    Info: + Micro clock to output delay of source is 0.700 ns
    Info: + Longest register to pin delay is 7.900 ns
        Info: 1: + IC(0.000 ns) + CELL(0.000 ns) = 0.000 ns; Loc. = LC3_D19; Fanout = 3; REG Node = 'state.S4'
        Info: 2: + IC(0.200 ns) + CELL(1.500 ns) = 1.700 ns; Loc. = LC1_D19; Fanout = 1; COMB Node = 'q~7'
        Info: 3: + IC(1.300 ns) + CELL(4.900 ns) = 7.900 ns; Loc. = PIN_87; Fanout = 0; PIN Node = 'q'
        Info: Total cell delay = 6.400 ns ( 81.01 % )
        Info: Total interconnect delay = 1.500 ns ( 18.99 % )
Info: Longest tpd from source pin "value" to destination pin "q" is 11.700 ns
    Info: 1: + IC(0.000 ns) + CELL(2.200 ns) = 2.200 ns; Loc. = PIN_210; Fanout = 6; PIN Node = 'value'
    Info: 2: + IC(1.800 ns) + CELL(1.500 ns) = 5.500 ns; Loc. = LC1_D19; Fanout = 1; COMB Node = 'q~7'
    Info: 3: + IC(1.300 ns) + CELL(4.900 ns) = 11.700 ns; Loc. = PIN_87; Fanout = 0; PIN Node = 'q'
    Info: Total cell delay = 8.600 ns ( 73.50 % )
    Info: Total interconnect delay = 3.100 ns ( 26.50 % )
Info: th for register "state.S3" (data pin = "value", clock pin = "CLK") is -0.600 ns
    Info: + Longest clock path from clock "CLK" to destination register is 3.500 ns
        Info: 1: + IC(0.000 ns) + CELL(2.200 ns) = 2.200 ns; Loc. = PIN_91; Fanout = 5; CLK Node = 'CLK'
        Info: 2: + IC(1.300 ns) + CELL(0.000 ns) = 3.500 ns; Loc. = LC2_D19; Fanout = 2; REG Node = 'state.S3'
        Info: Total cell delay = 2.200 ns ( 62.86 % )
        Info: Total interconnect delay = 1.300 ns ( 37.14 % )
    Info: + Micro hold delay of destination is 0.800 ns
    Info: - Shortest pin to register delay is 4.900 ns
        Info: 1: + IC(0.000 ns) + CELL(2.200 ns) = 2.200 ns; Loc. = PIN_210; Fanout = 6; PIN Node = 'value'
        Info: 2: + IC(1.800 ns) + CELL(0.900 ns) = 4.900 ns; Loc. = LC2_D19; Fanout = 2; REG Node = 'state.S3'
        Info: Total cell delay = 3.100 ns ( 63.27 % )
        Info: Total interconnect delay = 1.800 ns ( 36.73 % )
Info: Quartus II Classic Timing Analyzer was successful. 0 errors, 1 warning
    Info: Peak virtual memory: 199 megabytes
    Info: Processing ended: Tue Mar 23 11:38:48 2021
    Info: Elapsed time: 00:00:00
    Info: Total CPU time (on all processors): 00:00:00


